{"credit": "Dareda", "parent": "pipes:block/tin/fluid/001100", "textures": {"0": "pipes:block/fluid/golden"}}