{"credit": "Dareda", "parent": "pipes:block/tin/fluid/100010", "textures": {"0": "pipes:block/fluid/golden"}}