{"credit": "Dareda", "parent": "pipes:block/tin/fluid/100100", "textures": {"0": "pipes:block/fluid/golden"}}