{"credit": "Dareda", "parent": "pipes:block/tin/fluid/101101", "textures": {"0": "pipes:block/fluid/golden"}}