{"credit": "Dareda", "parent": "pipes:block/tin/fluid/110000", "textures": {"0": "pipes:block/fluid/golden"}}