{"credit": "Dareda", "parent": "pipes:block/tin/fluid/110010", "textures": {"0": "pipes:block/fluid/golden"}}