{"credit": "Dareda", "parent": "pipes:block/tin/fluid/111100", "textures": {"0": "pipes:block/fluid/golden"}}