{"credit": "Dareda", "parent": "pipes:block/filter/tin/east", "textures": {"0": "pipes:block/filter/golden"}}