{"credit": "Dareda", "parent": "pipes:block/filter/tin/north", "textures": {"0": "pipes:block/filter/golden"}}