{
	"parent": "item/generated",
	"textures": {
		"layer0": "general:item/resource/golden/double_plate"
	}
}