{
	"parent": "item/generated",
	"textures": {
		"layer0": "general:item/resource/golden/pure_raw"
	}
}