{
	"parent": "item/generated",
	"textures": {
		"layer0": "general:item/resource/golden/singular_coil"
	}
}