{"credit": "Dareda", "parent": "pipes:block/tin/item/000011", "textures": {"0": "pipes:block/item/golden"}}