{"credit": "Dareda", "parent": "pipes:block/tin/item/000000", "textures": {"0": "pipes:block/item/golden"}}