{"credit": "Dareda", "parent": "pipes:block/tin/item/001101", "textures": {"0": "pipes:block/item/golden"}}