{"credit": "Dareda", "parent": "pipes:block/tin/item/011111", "textures": {"0": "pipes:block/item/golden"}}