{"credit": "Dareda", "parent": "pipes:block/tin/item/100100", "textures": {"0": "pipes:block/item/golden"}}