{"credit": "Dareda", "parent": "pipes:block/tin/item/111010", "textures": {"0": "pipes:block/item/golden"}}