{"credit": "Dareda", "parent": "pipes:block/servo/tin/down", "textures": {"0": "pipes:block/servo/golden"}}