{"credit": "Dareda", "parent": "electricity:block/wire/tin/001010", "textures": {"0": "electricity:block/wire/golden"}}