{"credit": "Dareda", "parent": "electricity:block/wire/tin/111101", "textures": {"0": "electricity:block/wire/golden"}}