{
	"parent": "general:item/resource/golden/wire"
}